package foo;

class C {
  static final int[] fibs = new int[] { 1, 1, 2, 3, 5, };
  public C() {}
}
