package foo;

class C {
  C(int x) {
    switch (x) {
    case 1:
      System.out.println("one");
      System.out.flush();
      break;
    case 2:
      System.out.println("two!");
      break;
    }
  }

}
