package foo;
class C {
  int x = 1;
  public static final int F = (%Y);
  C() {
    this.x = 3;
  }
}