class C {
  C() {
    super("k.a[0].x", k.a[0].x);
  }
}
