package com.example;

public class C {
  Object f() {
    return 1 - 2 - (4 - 3);
  }
  public C() {}
}