package com.example;

public class C {
  Object f() {
    return 1 * 1 - 2 / 3;
  }
  public C() {}
}